ADEL|2024|12 | https://cdn.adel.com.tr/media-data/docs/2025/03/13/adel-mali-tablo-ve-dipnotlar-31-12-2024-rfeyej0w.pdf | CFO okunamadı: PDF_TUTMADI
ADEL|2025|9 | https://cdn.adel.com.tr/media-data/docs/2025/02/28/adel-30-eylul-mali-tablo-bs5ldhnx.pdf | dönem tarihi yok
ADEL|2025|9 | https://cdn.adel.com.tr/media-data/docs/2025/02/28/adel-kalemcilik-mali-tablo-ve-dipnotlar-eylul-2019-n0dry0hx.pdf | dönem tarihi yok
ADEL|2025|9 | https://cdn.adel.com.tr/media-data/docs/2025/02/28/adel-mali-tablo-ve-dipnotlar-30-eylul-2014-wzsv4ncx.pdf | dönem tarihi yok
ADEL|2025|9 | https://cdn.adel.com.tr/media-data/docs/2025/02/28/adel-mali-tablo-ve-dipnotlar-30062022-yma1zzq3.pdf | dönem tarihi yok
AEFES|2024|12 | https://anadoluefes.com/Upload/Docs/2024/FinansalSonuclar/AEFES_Kons_31122024TR.pdf | OKUNDU
AEFES|2025|3 | https://anadoluefes.com/Upload/Docs/2025/FinansalSonuclar/AEFES_Kons_31032025TR.pdf | OKUNDU
AEFES|2025|6 | https://anadoluefes.com/Upload/Docs/2025/FinansalSonuclar/AEFES_Kons_ 30062025 TR.pdf | indirilemedi
AEFES|2025|6 | https://anadoluefes.com/Upload/Docs/2025/FinansalSonuclar/Anadolu-Efes-Earnings-Call-1H2025.pdf | dönem tarihi yok
AEFES|2025|6 | https://anadoluefes.com/Upload/Docs/2025/FinansalSonuclar/Anadolu_Efes_Earnings_Call_1Q2025.pdf | dönem tarihi yok
AEFES|2025|6 | https://anadoluefes.com/Upload/Docs/2025/FinansalSonuclar/1Y2025-Ara-Donem-Faaliyet-Raporu.pdf | CFO okunamadı: NAKIT_AKIS_YOK
AEFES|2025|9 | https://anadoluefes.com/Upload/Docs/20141106202508uw.pdf | dönem tarihi yok
AEFES|2025|9 | https://anadoluefes.com/Upload/Docs/2025/FinansalSonuclar/AEFES-Kons-30092025-TR.pdf | OKUNDU
AEFES|2025|12 | https://anadoluefes.com/Upload/Docs/2025/FinansalSonuclar/AEFES-Kons31122025-TR.pdf | OKUNDU
ALKIM|2024|12 | https://www.alkim.com.tr/files/file/dosya-aYKyrMSlGoDET3x-annual-reports-2024.pdf | CFO okunamadı: NAKIT_AKIS_YOK
ALKIM|2024|12 | https://www.alkim.com.tr/files/file/dosya-fIND5MTKSdt7lhy-aralik-2024.pdf | OKUNDU
ALKIM|2025|9 | https://www.alkim.com.tr/files/file/dosya-UkIxHYd0Vpo7vsr-eylul-2025.pdf | dönem tarihi yok
ALKIM|2025|9 | https://www.alkim.com.tr/files/file/dosya-t2PI6HSCavBWZEy-2025-september-activity-report.pdf | CFO okunamadı: NAKIT_AKIS_YOK
ALKIM|2025|9 | https://www.alkim.com.tr/files/file/dosya-F2YHM3XbfLDvN8c-eylul-2025-faaliyet-raporu.pdf | CFO okunamadı: NAKIT_AKIS_YOK
ASTOR|2024|12 | https://astoras.com.tr/wp-content/uploads/2025/03/2024-Yili-12-Aylik-Finansal-Rapor-31.12.2024.pdf | OKUNDU
ASTOR|2025|6 | https://astoras.com.tr/wp-content/uploads/2025/08/2025-Yili-6-Aylik-Finansal-Rapor-30.06.2025.pdf | OKUNDU
ASTOR|2025|9 | https://astoras.com.tr/wp-content/uploads/2025/11/2025-Yili-9-Aylik-Finansal-Rapor-30.09.2025.pdf | OKUNDU
ASTOR|2025|12 | https://astoras.com.tr/wp-content/uploads/2026/02/2025-Yili-12-Aylik-Finansal-Rapor-31.12.2025.pdf | OKUNDU
ATATP|2024|12 | https://www.atptech.com/wp-content/uploads/ATP-Finansal-Rapor-31.12.2024.pdf | CFO okunamadı: PDF_ADAY
ATATP|2024|12 | https://www.atptech.com/wp-content/uploads/ATP-Yazilim_Notes-to-the-Consolidated-Financial-Statements-and-Independent-Auditors-Report-31.12.2024.pdf | CFO okunamadı: NAKIT_AKIS_YOK
ATATP|2024|12 | https://www.atptech.com/wp-content/uploads/Sorumluluk-Beyani-2024-q4.pdf | CFO okunamadı: NAKIT_AKIS_YOK
ATATP|2025|3 | https://www.atptech.com/wp-content/uploads/ATP-Finansal-Rapor-31.03.2025.pdf | CFO okunamadı: PDF_ADAY
ATATP|2025|3 | https://www.atptech.com/wp-content/uploads/ATP-Ara-Donem-Faaliyet-Raporu-31.03.2025.pdf | CFO okunamadı: NAKIT_AKIS_YOK
ATATP|2025|6 | https://www.atptech.com/wp-content/uploads/ATP-Finansal-Rapor-30.06.2025.pdf | OKUNDU
ATATP|2025|9 | https://www.atptech.com/wp-content/uploads/ATP-Finansal-Rapor-30.09.2025.pdf | CFO okunamadı: PDF_TUTMADI
ATATP|2025|9 | https://www.atptech.com/wp-content/uploads/ATP_2025_Q3-Financial-Results-Release.pdf | CFO okunamadı: NAKIT_AKIS_YOK
ATATP|2025|9 | https://www.atptech.com/wp-content/uploads/ATP-Sorumluluk-Beyani-30.09.2025.pdf | taranmış
ATATP|2025|9 | https://www.atptech.com/wp-content/uploads/ATP-Ara-Donem-Faaliyet-Raporu-30.09.2025.pdf | CFO okunamadı: NAKIT_AKIS_YOK
ATATP|2025|12 | https://www.atptech.com/wp-content/uploads/ATP-Finansal-Rapor-31.12.2025.pdf | CFO okunamadı: PDF_ADAY
ATATP|2025|12 | https://www.atptech.com/wp-content/uploads/ATP_2025_Q4_Financial_Results_Bulletin-1.pdf | dönem tarihi yok
ATATP|2025|12 | https://www.atptech.com/wp-content/uploads/ATP_31.12.2025-Notes-to-the-Consolidated-Financial-Statements-and-Independent-Auditors-Report.pdf | CFO okunamadı: NAKIT_AKIS_YOK
ATATP|2025|12 | https://www.atptech.com/wp-content/uploads/31.12.2025-Sorumluluk-Beyanlari_TR.pdf | CFO okunamadı: NAKIT_AKIS_YOK
ATATP|2026|3 | https://www.atptech.com/wp-content/uploads/ATP-Financial-Report-31.03.2026.pdf | CFO okunamadı: NAKIT_AKIS_YOK
ATATP|2026|3 | https://www.atptech.com/wp-content/uploads/ATP-Finansal-Rapor-31.03.2026.pdf | OKUNDU
ATATP|2026|6 | https://www.atptech.com/wp-content/uploads/ATP-Financial-Report-30.06.2026.pdf | CFO okunamadı: NAKIT_AKIS_YOK
ATATP|2026|6 | https://www.atptech.com/wp-content/uploads/ATP-Finansal-Rapor-30.06.2026.pdf | OKUNDU
AVTUR|2024|12 | https://www.avtur.com.tr/Content/files/mali-tablolar/2024/12-aylik-mali-tablo.pdf | OKUNDU
AVTUR|2025|3 | https://www.avtur.com.tr/Content/files/mali-tablolar/2025/3-aylik-mali-tablo.pdf | OKUNDU
AVTUR|2025|6 | https://www.avtur.com.tr/Content/files/mali-tablolar/2025/6-aylik-mali-tablo.pdf | OKUNDU
AVTUR|2025|9 | https://www.avtur.com.tr/Content/files/mali-tablolar/2025/9-aylik-mali-tablo.pdf | OKUNDU
AVTUR|2025|12 | https://www.avtur.com.tr/Content/files/mali-tablolar/2025/12-aylik-mali-tablo.pdf | OKUNDU
AVTUR|2026|3 | https://www.avtur.com.tr/Content/files/mali-tablolar/2026/3-aylik-mali-tablo.pdf | OKUNDU
AVTUR|2026|6 | https://www.avtur.com.tr/Content/files/mali-tablolar/2026/6-aylik-mali-tablo.pdf | OKUNDU
BAKAB|2024|12 | https://www.bakambalaj.com.tr/images/kataloglar/bak-ambalaj-san-ve-tic-aş_31122024_final.pdf | CFO okunamadı: PDF_TUTMADI
BAKAB|2024|12 | https://www.bakambalaj.com.tr/images/kataloglar/bak-ambalaj_31122024-faaliyet-raporu.pdf | CFO okunamadı: NAKIT_AKIS_YOK
BAKAB|2025|3 | https://www.bakambalaj.com.tr/images/kataloglar/bak-ambalaj-san-ve-tic-aş-31032025.pdf | CFO okunamadı: PDF_TUTMADI
BAKAB|2025|3 | https://www.bakambalaj.com.tr/images/kataloglar/31032025-faaliyet-raporu.pdf | CFO okunamadı: NAKIT_AKIS_YOK
BAKAB|2025|6 | https://www.bakambalaj.com.tr/images/kataloglar/1ax-sınırlı-denetci-raporu-spk-tr-final-bak-ambalaj-30-haziran-2025.pdf | OKUNDU
BAKAB|2025|9 | https://www.bakambalaj.com.tr/images/kataloglar/bak-ambalaj-30092025.pdf | OKUNDU
BAKAB|2025|12 | https://www.bakambalaj.com.tr/images/kataloglar/finansal-rapor-bak-ambalaj-31-aralık-2025.pdf | CFO okunamadı: PDF_TUTMADI
BAKAB|2025|12 | https://www.bakambalaj.com.tr/images/kataloglar/faaliyet-raporu-bak-ambalaj-31122025.pdf | CFO okunamadı: NAKIT_AKIS_YOK
BAKAB|2026|3 | https://www.bakambalaj.com.tr/images/kataloglar/bak-ambalaj-san-ve-tic-aş-31032026.pdf | CFO okunamadı: PDF_TUTMADI
BAKAB|2026|3 | https://www.bakambalaj.com.tr/images/kataloglar/31032026-faaliyet-raporu.pdf | CFO okunamadı: NAKIT_AKIS_YOK
BAKAB|2026|6 | https://www.bakambalaj.com.tr/images/kataloglar/30062026-faaliyet-raporu.pdf | CFO okunamadı: NAKIT_AKIS_YOK
BALSU|2025|6 | https://www.balsugida.com/wp-content/uploads/yatirimci/raporlar/finansal/balsu-finansal-rapor-30-06-2025.pdf | OKUNDU
BALSU|2025|9 | https://www.balsugida.com/wp-content/uploads/yatirimci/raporlar/finansal/balsu-finansal-rapor-30-09-2025.pdf | OKUNDU
BALSU|2025|12 | https://www.balsugida.com/wp-content/uploads/yatirimci/raporlar/finansal/balsu-finansal-rapor-31-12-2025.pdf | OKUNDU
BALSU|2026|3 | https://www.balsugida.com/wp-content/uploads/2026/06/Balsu-Gida-31.03.2026-SPK-Rapor.pdf | OKUNDU
BANVT|2025|3 | https://www.banvit.com/sites/default/files/2025-05/31.03.2025-ara-hesap-donemi.pdf | indirilemedi
BESLR|2024|12 | https://www.besler.com.tr/documents/2024-aralik-mali-tablo-ve-dipnotlar.pdf | CFO okunamadı: NAKIT_AKIS_YOK
BESLR|2026|3 | https://www.besler.com.tr/documents/2026-mart-mali-tablolar-ve-dipnotlar.pdf | CFO okunamadı: NAKIT_AKIS_YOK
BESLR|2026|3 | https://www.besler.com.tr/documents/31_03_2026-faaliyet-raporu.pdf | CFO okunamadı: NAKIT_AKIS_YOK
BESLR|2026|6 | https://www.besler.com.tr/documents/2026-haziran-mali-tablolar-ve-dipnotlar.pdf | CFO okunamadı: NAKIT_AKIS_YOK
BESLR|2026|6 | https://www.besler.com.tr/documents/30_06_2026-faaliyet-raporu.pdf | CFO okunamadı: NAKIT_AKIS_YOK
BOBET|2025|3 | https://bogazicibeton.com/wp-content/uploads/2025/05/Bogazici_Beton_31_03_2025_Mali_Tablo_Dipnotları.pdf | CFO okunamadı: PDF_TUTMADI
BOBET|2025|3 | https://bogazicibeton.com/wp-content/uploads/2025/05/Bogazici_Beton_31_03_2025_Faaliyet_Raporu.pdf | CFO okunamadı: NAKIT_AKIS_YOK
BOBET|2025|6 | https://bogazicibeton.com/wp-content/uploads/2025/08/Bogazici-Beton-30.06.2025-Mali-Tablo-Dipnotlar.pdf | CFO okunamadı: PDF_TUTMADI
BOBET|2025|6 | https://bogazicibeton.com/wp-content/uploads/2025/08/Bogazici-Beton-30.06.2025-Faaliyet-Raporu.pdf | CFO okunamadı: NAKIT_AKIS_YOK
BOBET|2025|9 | https://bogazicibeton.com/wp-content/uploads/2025/11/Bogazici_Beton_30_09_2025_Mali_Tablo_Dipnotlar.pdf | CFO okunamadı: PDF_TUTMADI
BOBET|2026|3 | https://bogazicibeton.com/wp-content/uploads/2026/05/Bogazici-Beton-31.03.2026.pdf | CFO okunamadı: PDF_TUTMADI
BOBET|2026|6 | https://bogazicibeton.com/wp-content/uploads/2026/08/Bogazici_Beton_30_06_2026_Rapor.pdf | CFO okunamadı: PDF_ADAY
BOBET|2026|6 | https://bogazicibeton.com/wp-content/uploads/2026/08/Bogazici_Beton_30_06_2026_sorumluluk_beyani.pdf | taranmış
BOBET|2026|6 | https://bogazicibeton.com/wp-content/uploads/2026/08/Bogazici_Beton_30_06_2026_Faaliyet_Raporu.pdf | CFO okunamadı: NAKIT_AKIS_YOK
BRLSM|2025|12 | https://www.birlesim.com/files/birleim_mhendislik_31122025.pdf | OKUNDU
BRLSM|2026|3 | https://www.birlesim.com/files/birlesim_muhendislik_31032026.pdf | OKUNDU
BYDNR|2025|9 | https://www.baydoner.com/cmsfiles/Galleries/1125/baydoner-restoranlari-a-s-finansal-rapor-30-09-2025.pdf | OKUNDU
CANTE|2024|12 | https://www.can2termik.com.tr/uploads/202403271037541104.pdf | dönem tarihi yok
CANTE|2024|12 | https://www.can2termik.com.tr/uploads/202403271032391104.pdf | dönem tarihi yok
CANTE|2024|12 | https://www.can2termik.com.tr/uploads/2024070915161918039.pdf | dönem tarihi yok
CANTE|2025|3 | https://www.can2termik.com.tr/uploads/202505132215011104.pdf | CFO okunamadı: PDF_TUTMADI
CANTE|2025|3 | https://www.can2termik.com.tr/uploads/202505132210321104.pdf | CFO okunamadı: PDF_TUTMADI
CANTE|2025|6 | https://www.can2termik.com.tr/uploads/202508110823381104.pdf | CFO okunamadı: PDF_TUTMADI
CANTE|2025|6 | https://www.can2termik.com.tr/uploads/202508110822301104.pdf | CFO okunamadı: PDF_TUTMADI
CANTE|2025|9 | https://www.can2termik.com.tr/uploads/202511110823421104.pdf | CFO okunamadı: PDF_TUTMADI
CANTE|2025|9 | https://www.can2termik.com.tr/uploads/202511110822081104.pdf | CFO okunamadı: PDF_TUTMADI
CANTE|2025|12 | https://www.can2termik.com.tr/uploads/202503121715411104.pdf | dönem tarihi yok
CANTE|2025|12 | https://www.can2termik.com.tr/uploads/202503121717141104.pdf | CFO okunamadı: PDF_TUTMADI
CANTE|2025|12 | https://www.can2termik.com.tr/uploads/202508081659571104.pdf | CFO okunamadı: PDF_TUTMADI
CANTE|2026|3 | https://www.can2termik.com.tr/uploads/202605120832211104.pdf | CFO okunamadı: PDF_TUTMADI
CANTE|2026|3 | https://www.can2termik.com.tr/uploads/202605120831111104.pdf | CFO okunamadı: PDF_TUTMADI
CANTE|2026|6 | https://www.can2termik.com.tr/uploads/202608201127521104.pdf | CFO okunamadı: PDF_TUTMADI
CANTE|2026|6 | https://www.can2termik.com.tr/uploads/202608201126231104.pdf | CFO okunamadı: PDF_TUTMADI
CEMTS|2026|3 | https://www.cemtas.com.tr/tr/yatirimci-iliskileri/raporlar/download/reports/70/70_31032026-Periyodik-Tablo-ve-Dipnotlar-SPK-II--141e-gore.pdf | indirilemedi
CEMTS|2026|3 | https://www.cemtas.com.tr/tr/yatirimci-iliskileri/download/reports/68/68_0101-31032026-Yonetim-Kurulu-Faaliyet-Raporu.pdf | indirilemedi
CEMTS|2026|3 | https://www.cemtas.com.tr/tr/yatirimci-iliskileri/raporlar/download/reports/68/68_0101-31032026-Yonetim-Kurulu-Faaliyet-Raporu.pdf | indirilemedi
CIMSA|2024|12 | https://cimsa.com.tr/wp-content/uploads/2025/06/Cimsa-Cimento-31.12.2024-SPK-Rapor-Konsolide-TR.pdf | OKUNDU
CIMSA|2025|3 | https://cimsa.com.tr/wp-content/uploads/2025/05/Cimsa-Cimento-31.03.2025-Finansal-Tablo-ve-Dipnotlar.pdf | OKUNDU
CIMSA|2025|6 | https://cimsa.com.tr/wp-content/uploads/2025/08/Cimsa-Cimento-30.06.2025-Finansal-Tablo-ve-Dipnotlar.pdf | OKUNDU
CIMSA|2025|9 | https://cimsa.com.tr/wp-content/uploads/2025/11/Cimsa-Cimento-30.09.2025-Finansal-Tablo-ve-Dipnotlar.pdf | OKUNDU
DERHL|2026|6 | https://www.derluks.com.tr/yukleme/projeler/Derluks-Denetim-Raporu-30.06.2026.pdf | OKUNDU
DGNMO|2024|12 | https://www.doganlarmobilyagrubu.com/Files/yatirimci-iliskileri/finansal-veriler/finansal-rapolar/Doganlar-Mobilya-31.12.2024-Finansal-Rapor.pdf | CFO okunamadı: PDF_TUTMADI
DGNMO|2025|6 | https://www.doganlarmobilyagrubu.com/Files/yatirimci-iliskileri/finansal-veriler/finansal-rapolar/dogtas-kelebek-spk30062025-rapor.pdf | OKUNDU
DGNMO|2025|9 | https://www.doganlarmobilyagrubu.com/Files/yatirimci-iliskileri/finansal-veriler/finansal-rapolar/dgnmo-30092025-konsolide-finansal-rapor.pdf | OKUNDU
DGNMO|2026|3 | https://www.doganlarmobilyagrubu.com/Files/yatirimci-iliskileri/finansal-veriler/finansal-rapolar/dgnmo-31032026-finansal-rapor.pdf | OKUNDU
DGNMO|2026|6 | https://www.doganlarmobilyagrubu.com/Files/yatirimci-iliskileri/finansal-veriler/finansal-rapolar/doganlar-mobilya-30062026-konsolide-finansal-rapor.pdf | OKUNDU
EGPRO|2024|12 | https://www.egeprofil.com.tr/files/ege-profil-spk-31122024pdf_03-03-2025_08-41-07.pdf | CFO okunamadı: PDF_TUTMADI
EGPRO|2024|12 | https://www.egeprofil.com.tr/files/faaliyet-raporu-ege-profil-31122024pdf_26-02-2025_11-26-53.pdf | CFO okunamadı: NAKIT_AKIS_YOK
EGPRO|2025|3 | https://www.egeprofil.com.tr/files/ege-profil-tic-ve-san-as-31032025-spkpdf_13-05-2025_08-05-06.pdf | CFO okunamadı: PDF_TUTMADI
EGPRO|2025|3 | https://www.egeprofil.com.tr/files/ege-profil-tic-ve-san-as-31032025-faaliyet-raporupdf_13-05-2025_08-02-39.pdf | CFO okunamadı: NAKIT_AKIS_YOK
EGSER|2025|3 | https://www.egeseramik.com/application/files/3817/8179/1045/Ege_Seramik_31.03.2025_Yonetim_Kurulu_Faaliyet_Raporu.pdf | CFO okunamadı: NAKIT_AKIS_YOK
EGSER|2025|12 | https://www.egeseramik.com/application/files/3717/8179/1403/Ege_Seramik_San._ve_Tic.A.S._31.12.2025_Mali_Tablo_ve_Dipnotlar.pdf | OKUNDU
EGSER|2026|6 | https://www.egeseramik.com/application/files/8317/8637/6025/Ege_Seramik_San._ve_Tic.A.S._30.06.2026_Mali_Tablo_ve_Dipnotlar.pdf | OKUNDU
ELITE|2024|12 | https://elitenaturel.com/wp-content/uploads/2025/06/31.12.2024-Bagimsiz-Denetim-Raporu.pdf | CFO okunamadı: PDF_ADAY
ELITE|2024|12 | https://elitenaturel.com/wp-content/uploads/2024/08/2023-Q4-Konsolide-Faaliyet-Raporu.pdf | dönem tarihi yok
GIPTA|2024|12 | https://www.gipta.com.tr/wp-content/uploads/2025/02/31.12.2024-Bagimsiz-Denetim-Raporu.pdf | OKUNDU
GIPTA|2025|6 | https://www.gipta.com.tr/raporlar/30.06.2025-Bagimsiz-Denetim-Raporu.pdf | OKUNDU
GIPTA|2025|9 | https://www.gipta.com.tr/wp-content/uploads/2025/10/30.09.2025-Bagimsiz-Denetim-Raporu.pdf | OKUNDU
GIPTA|2025|12 | https://www.gipta.com.tr/wp-content/uploads/2026/03/31.12.2025-Bagimsiz-Denetim-Raporu.pdf | OKUNDU
GLYHO|2025|12 | https://globalyatirim.com.tr/wp-content/uploads/2026/03/glyho-31122025-spk-rapor.pdf | OKUNDU
GOKNR|2025|6 | https://goknur.com.tr/public/images/dokuman/Finansal%20Tablolar__30-06-2025.pdf | OKUNDU
GOKNR|2025|9 | https://goknur.com.tr/public/images/Finansal%20Tablolar__30-09-2025.pdf | OKUNDU
GOKNR|2025|12 | https://goknur.com.tr/public/images/faaliyetraporlari/Faaliyet%20Raporu___01-01-2025-31-12-2025.pdf | OKUNDU
GOKNR|2026|6 | https://goknur.com.tr/public/images/finansaltablolar/Finansal Tablolar__30.06.2026_1.pdf | indirilemedi
GOKNR|2026|6 | https://goknur.com.tr/public/images/faaliyetraporlari/Goknur%20Gida_Faaliyet%20Faporu_01-01-2026-30-06-2026.pdf | OKUNDU
GSDDE|2025|12 | https://www.gsdholding.com.tr/assets/contents/GSD Denizcilik - 31.12.2025 Report .pdf | indirilemedi
HEKTS|2025|12 | https://hektas.com.tr/media/2iolsxqy/hektas-31122025-rapor-tr.pdf | OKUNDU
IZFAS|2026|3 | http://yatirimbilgi.izmirfirca.com.tr:8080/izffiles/yatirim/9_1_37-31032026-finansal-tablolar.pdf | indirilemedi
IZFAS|2026|3 | http://yatirimbilgi.izmirfirca.com.tr:8080/izffiles/yatirim/6_33_faaliyet-raporu-31032026.pdf | indirilemedi
KARTN|2025|12 | https://www.kartonsan.com.tr/files/uyumraporu/Sudurulebilirlik-Uyum-Raporu-2025-Yillik-Bldirim.pdf | dönem tarihi yok
KATMR|2024|12 | https://katmerciler.com.tr/wp-content/uploads/2024/03/12-Aylik-Finansal-Raporlari.pdf | dönem tarihi yok
KATMR|2024|12 | https://katmerciler.com.tr/wp-content/uploads/2024/03/2014_yillik_finansal_raporu.pdf | dönem tarihi yok
KATMR|2024|12 | https://katmerciler.com.tr/wp-content/uploads/2024/03/2016-yillik-finansal.pdf | dönem tarihi yok
KATMR|2024|12 | https://katmerciler.com.tr/wp-content/uploads/2024/03/31_12_2022-Bagimsiz-Denetim-Raporu110323.pdf | dönem tarihi yok
KATMR|2025|9 | https://katmerciler.com.tr/wp-content/uploads/2025/11/KTMR_TFRS_Kons_30092025.pdf | OKUNDU
KCHOL|2024|12 | https://cdn.koc.com.tr/cmscontainer/kocholding/media/koc/03yatirimci-iliskileri/finansal-bilgiler/finansal-raporlar-tr/koc-holding-a-s-spk-tr-31-12-2024.pdf?ext=.pdf | indirilemedi
KCHOL|2025|3 | https://cdn.koc.com.tr/cmscontainer/kocholding/media/koc/03yatirimci-iliskileri/finansal-bilgiler/finansal-raporlar-tr/koc_holding_a-s-_spk_tr_31-03-2025.pdf?ext=.pdf | CFO okunamadı: PDF_TUTMADI
KCHOL|2025|12 | https://cdn.koc.com.tr/cmscontainer/kocholding/media/koc/03yatirimci-iliskileri/finansal-bilgiler/finansal-raporlar-tr/koc-holding-a-s-spk-tr-31-12-2025.pdf?ext=.pdf | indirilemedi
KCHOL|2025|12 | https://cdn.koc.com.tr/cmscontainer/kocholding/media/koc/03yatirimci-iliskileri/ozel-durum-aciklamalari-tr/22_aralik_2025_arcelik.pdf?ext=.pdf | dönem tarihi yok
KCHOL|2025|12 | https://cdn.koc.com.tr/cmscontainer/kocholding/media/koc/03yatirimci-iliskileri/ozel-durum-aciklamalari-tr/2_aralik_2025_tekart.pdf?ext=.pdf | dönem tarihi yok
KCHOL|2026|3 | https://cdn.koc.com.tr/cmscontainer/kocholding/media/koc/03yatirimci-iliskileri/finansal-bilgiler/finansal-raporlar-tr/koc-holding-a-s-spk-tr-31-03-2026.pdf?ext=.pdf | CFO okunamadı: PDF_TUTMADI
KCHOL|2026|3 | https://cdn.koc.com.tr/cmscontainer/kocholding/media/koc/03yatirimci-iliskileri/ozel-durum-aciklamalari-tr/13_mart_2026_kocfinansman.pdf?ext=.pdf | dönem tarihi yok
KCHOL|2026|3 | https://cdn.koc.com.tr/cmscontainer/kocholding/media/koc/03yatirimci-iliskileri/koc-holding-a-s-18-mart-2026-tarihli-genel-kurul-tutanagi-kapali.pdf?ext=.pdf | taranmış
KCHOL|2026|6 | https://cdn.koc.com.tr/cmscontainer/kocholding/media/koc/03yatirimci-iliskileri/finansal-bilgiler/finansal-raporlar-tr/koc-holding-a-s-spk-tr-30-06-2026.pdf?ext=.pdf | CFO okunamadı: PDF_ADAY
KCHOL|2026|6 | https://cdn.koc.com.tr/cmscontainer/kocholding/media/koc/03yatirimci-iliskileri/ozel-durum-aciklamalari-tr/12haziran2026_koc-holding.pdf | taranmış
KCHOL|2026|6 | https://cdn.koc.com.tr/cmscontainer/kocholding/media/koc/03yatirimci-iliskileri/ozel-durum-aciklamalari-tr/12haziran2026_koc-holding.pdf?ext=.pdf | taranmış
KRPLS|2025|12 | http://fileskoroplast.com/koroplast-31122025-final_deloitte-onayli.pdf | CFO okunamadı: PDF_TUTMADI
KRPLS|2025|12 | http://fileskoroplast.com/koroplast-31122025-faaliyet-raporu_deloitte-onayli.pdf | CFO okunamadı: NAKIT_AKIS_YOK
KTSKR|2025|12 | https://www.kutahyaseker.com.tr/data/2025_4.pdf | OKUNDU
KTSKR|2026|3 | https://www.kutahyaseker.com.tr/data/2026_1.pdf | OKUNDU
KTSKR|2026|6 | https://www.kutahyaseker.com.tr/data/2026_2.pdf | OKUNDU
MAALT|2024|12 | http://www.mares.com.tr/yatirim/MAALT - 31.12.2024 - SPK - TR (FÄ°NAL).pdf | indirilemedi
MAALT|2024|12 | http://www.mares.com.tr/yatirim/Mares Faaliyet Raporu - ARALIK 2024 FINAL.pdf | indirilemedi
MAALT|2025|9 | http://www.mares.com.tr/yatirim/maalt_-_30.09.2025_finansal_rapor.pdf | CFO okunamadı: PDF_TUTMADI
MAALT|2025|9 | http://www.mares.com.tr/yatirim/maalt_-_30.09.2025_faaliyet_raporu.pdf | CFO okunamadı: NAKIT_AKIS_YOK
MAKIM|2025|12 | https://framerusercontent.com/assets/mGe4q2b8pJlPeGcVRrOk7I7lyE.pdf | dönem tarihi yok
MAKTK|2025|12 | https://makinatakim.com.tr/wp-content/uploads/2026/03/MAKTK-Finansal-Rapor_Aralik-2025.pdf | OKUNDU
MAKTK|2026|3 | https://makinatakim.com.tr/wp-content/uploads/2026/05/01.01.2026-31.03.2026-Tarihli-Finansal-Tablolar.pdf | CFO okunamadı: PDF_TUTMADI
MAKTK|2026|3 | https://makinatakim.com.tr/wp-content/uploads/2026/05/01.01.2026-31.03.2026-Tarihli-Faaliyet-Raporu.pdf | CFO okunamadı: NAKIT_AKIS_YOK
MANAS|2026|3 | https://www.manas.com.tr/pdf/Manas-31.03.2026.pdf | OKUNDU
MARBL|2024|12 | https://www.marblesystemstureks.com.tr/wp-content/uploads/2025/03/Tureks-A.S-31.12.2024-Bagimsiz-Denetim-Raporu.pdf | OKUNDU
MARBL|2025|6 | https://www.marblesystemstureks.com.tr/wp-content/uploads/2025/08/Tureks-A.S.-30.06.2025-Konsolide-Finansal-Tablolar.pdf | taranmış
MARBL|2025|6 | https://www.marblesystemstureks.com.tr/wp-content/uploads/2025/08/Tureks-A.S.-30.06.2025-Faaliyet-Raporu.pdf | CFO okunamadı: NAKIT_AKIS_YOK
MARBL|2025|9 | https://www.marblesystemstureks.com.tr/wp-content/uploads/2025/11/Tureks-A.S.-30.09.2025-Konsolide-Finansal-Tablolar.pdf | OKUNDU
MARBL|2026|3 | https://www.marblesystemstureks.com.tr/wp-content/uploads/2026/08/Tureks-A.S.-31.03.2026-Faaliyet-Raporu_compressed.pdf | CFO okunamadı: NAKIT_AKIS_YOK
MERCN|2025|6 | https://www.mercankimya.com.tr/uploads/files/pdf/FinansalSonuclar-30-06-2025.pdf | OKUNDU
MERKO|2025|12 | https://www.merko.com.tr/wp-content/uploads/2026/01/Merko-Finansal_Rapor-20251231-6M.pdf | taranmış
MERKO|2025|12 | https://www.merko.com.tr/wp-content/uploads/2026/01/Merko-Faaliyet_Raporu-20251231-6M.pdf | CFO okunamadı: NAKIT_AKIS_YOK
MERKO|2026|3 | https://www.merko.com.tr/wp-content/uploads/2026/06/Merko-Finansal_Rapor-20260331-9M.pdf | OKUNDU
NTHOL|2026|3 | https://www.netholding.com/wp-content/uploads/2026/06/2026-03-31-finansal-tablolar-ve-dipnotlari.pdf | OKUNDU
OBAMS|2025|3 | https://www.obamakarna.com.tr/uploads/2/Oba-Makarnacilik-Mali-Tablo-Dipnotlar--31032025.pdf | OKUNDU
OTTO|2025|9 | https://ottoholding.com.tr/wp-content/uploads/2025/12/Otto_30092025_3donem.pdf | OKUNDU
PKENT|2024|12 | https://www.petrokent.com.tr/uploads/documents/250318142016_yonetim-kurulu-faaliyet-raporu-31122024.pdf | CFO okunamadı: NAKIT_AKIS_YOK
PKENT|2025|3 | https://www.petrokent.com.tr/uploads/documents/260313104645_yonetim-kurulu-faaliyet-raporu-31032025.pdf | CFO okunamadı: NAKIT_AKIS_YOK
PKENT|2025|6 | https://www.petrokent.com.tr/uploads/documents/260313104725_yonetim-kurulu-faaliyet-raporu-30062025.pdf | CFO okunamadı: NAKIT_AKIS_YOK
QUAGR|2024|12 | https://yatirimci.qua.com.tr/files/Belgeler/2024/8c611710254c409684203473decec610.pdf | CFO okunamadı: PDF_TUTMADI
QUAGR|2024|12 | https://yatirimci.qua.com.tr/files/Belgeler/2024/b1d9a294613a4be4b62eafda1c4cad0d.pdf | CFO okunamadı: NAKIT_AKIS_YOK
QUAGR|2024|12 | https://yatirimci.qua.com.tr/files/Belgeler/2024/cc9e524526ab4b59b4335f099a93d070.pdf | CFO okunamadı: NAKIT_AKIS_YOK
QUAGR|2025|12 | https://yatirimci.qua.com.tr/files/Belgeler/2025/7a3d08c4948e42a79be67aa2a69f9897.pdf | CFO okunamadı: PDF_TUTMADI
QUAGR|2025|12 | https://yatirimci.qua.com.tr/files/Belgeler/2025/d70d201358b74da88772e4374dc6fe90.pdf | CFO okunamadı: NAKIT_AKIS_YOK
QUAGR|2025|12 | https://yatirimci.qua.com.tr/files/YatirimciSeti/consolidated_financial_statements_2025_en.pdf | CFO okunamadı: NAKIT_AKIS_YOK
QUAGR|2025|12 | https://yatirimci.qua.com.tr/files/YatirimciSeti/konsolide_finansal_tablo_2025_tr.pdf | CFO okunamadı: PDF_TUTMADI
QUAGR|2026|6 | https://yatirimci.qua.com.tr/files/Belgeler/2026/102c1d03bba24513a3525d530ebf8c33.pdf | taranmış
QUAGR|2026|6 | https://yatirimci.qua.com.tr/files/Belgeler/2026/6e93690adcc941a8a291dba2852aa9d7.pdf | CFO okunamadı: NAKIT_AKIS_YOK
QUAGR|2026|6 | https://yatirimci.qua.com.tr/files/Belgeler/2026/79401b3f08954c4c97d80a77293577ef.pdf | CFO okunamadı: NAKIT_AKIS_YOK
RTALB|2025|9 | https://rtalabs.com.tr/wp-content/uploads/2025/12/RTALB-30.09.2025-Mali-Tablosu.pdf | OKUNDU
RTALB|2025|12 | https://rtalabs.com.tr/wp-content/uploads/2026/05/RTALB-31.12.2025-Mali-Tablosu.pdf | OKUNDU
RTALB|2026|3 | https://rtalabs.com.tr/wp-content/uploads/2026/04/RTALB-31.03.2026-Mali-Tablosu.pdf | OKUNDU
SDTTR|2025|9 | https://www.sdt.com.tr/uploads/docs/raporlar/1762852473_sdt-ifrs-report-30.09.2025.pdf?1762863273 | CFO okunamadı: NAKIT_AKIS_YOK
SDTTR|2025|9 | https://www.sdt.com.tr/uploads/docs/raporlar/1762852474_sdt-activity-report-30.09.2025.pdf?1762863274 | CFO okunamadı: NAKIT_AKIS_YOK
SDTTR|2025|9 | https://www.sdt.com.tr/uploads/docs/raporlar/1762852474_sdt-spk-rapor-30.09.2025.pdf?1762863274 | OKUNDU
SDTTR|2026|3 | https://www.sdt.com.tr/uploads/docs/raporlar/1777883998_sdt-ifrs-report-31.03.2026.pdf?1777894798 | CFO okunamadı: NAKIT_AKIS_YOK
SDTTR|2026|3 | https://www.sdt.com.tr/uploads/docs/raporlar/1777883992_sdt-activity-report-31.03.2026.pdf?1777894792 | CFO okunamadı: NAKIT_AKIS_YOK
SDTTR|2026|3 | https://www.sdt.com.tr/uploads/docs/raporlar/1777883994_sdt-spk-rapor-31.03.2026.pdf?1777894794 | OKUNDU
SNPAM|2024|12 | http://www.sonmezholding.com.tr/wp-content/uploads/2025/01/pamuklu_ozel_durum_31_12_2024.pdf | taranmış
SNPAM|2024|12 | http://www.sonmezholding.com.tr/wp-content/uploads/2024/05/pamuklu_faaliyet_raporu_2023_12.pdf | taranmış
SNPAM|2025|3 | http://www.sonmezholding.com.tr/wp-content/uploads/2025/05/pamuklu_faaliyet_raporu_2025_03.pdf | taranmış
SNPAM|2025|6 | http://www.sonmezholding.com.tr/wp-content/uploads/2025/08/pamuklu_faaliyet_raporu_2025_06.pdf | taranmış
SNPAM|2025|9 | http://www.sonmezholding.com.tr/wp-content/uploads/2025/10/pamuklu_faaliyet_raporu_2025_09.pdf | taranmış
SNPAM|2026|3 | http://www.sonmezholding.com.tr/wp-content/uploads/2026/08/pamuklu_faaliyet_raporu_2026_03.pdf | CFO okunamadı: NAKIT_AKIS_YOK
SONME|2026|3 | http://www.sonmezholding.com.tr/wp-content/uploads/2026/08/filament_faaliyet_raporu_2026_03.pdf | CFO okunamadı: NAKIT_AKIS_YOK
SONME|2026|6 | http://www.sonmezholding.com.tr/wp-content/uploads/2026/08/filament_faaliyet_raporu_2026_06.pdf | CFO okunamadı: NAKIT_AKIS_YOK
TBORG|2025|3 | https://www.turktuborg.com.tr/pdf/mali-tablolar/2025/31-03-2025-Mali-Tablolar.pdf | OKUNDU
TBORG|2025|6 | https://www.turktuborg.com.tr/pdf/mali-tablolar/2025/30-06-2025-Mali-Tablolar.pdf | OKUNDU
TBORG|2025|9 | https://www.turktuborg.com.tr/pdf/mali-tablolar/2025/30-09-2025-Mali-Tablolar.pdf | OKUNDU
TEHOL|2025|3 | https://www.terayatirimteknoloji.com.tr/media/1exbalwp/31-mart-2025-finansal-tablo-ve-dipnotlar-484.pdf | CFO okunamadı: PDF_TUTMADI
TEHOL|2025|3 | https://www.terayatirimteknoloji.com.tr/media/ucyms2p4/2025-1ceyrek-yonetim-kurulu-faaliyet-raporu-485.pdf | CFO okunamadı: NAKIT_AKIS_YOK
TEZOL|2024|12 | https://www.tezol.com.tr/wp-content/uploads/2025/03/EUROPAP-TEZOL-31.12.2024-SPK.pdf | OKUNDU
TEZOL|2025|3 | https://www.tezol.com.tr/wp-content/uploads/2025/05/EUROPAP-TEZOL-31.03.2025-SPK.pdf | OKUNDU
TEZOL|2025|9 | https://www.tezol.com.tr/wp-content/uploads/2025/11/EUROPAP-TEZOL-30.09.2025-SPK-TFRS.pdf | CFO okunamadı: PDF_TUTMADI
TEZOL|2025|9 | https://www.tezol.com.tr/wp-content/uploads/2025/11/FAALIYET-RAPORU-30092025.pdf | CFO okunamadı: NAKIT_AKIS_YOK
TEZOL|2026|3 | https://www.tezol.com.tr/wp-content/uploads/2026/05/EUROPAP-TEZOL-31.03.2026-SPK.pdf | OKUNDU
ULUSE|2024|12 | https://www.ulusoyelektrik.com.tr/sites/other/ulusoyelektrik/uploads/contents/72/e34a77c33bacccd3b6975942d7ec29f8.pdf | CFO okunamadı: PDF_TUTMADI
ULUSE|2024|12 | https://www.ulusoyelektrik.com.tr/sites/other/ulusoyelektrik/uploads/contents/73/a6b6f4f8fa8f6dd7e256cea1a9583492.pdf | CFO okunamadı: NAKIT_AKIS_YOK
ULUSE|2025|3 | https://www.ulusoyelektrik.com.tr/sites/other/ulusoyelektrik/uploads/Bağımsız raporlar/Ulusoy-Elektrik-31032025-SPK-TR-Final.pdf | indirilemedi
ULUSE|2025|3 | https://www.ulusoyelektrik.com.tr/sites/other/ulusoyelektrik/uploads/Bağımsız raporlar/1Q2025-Faaliyet-Raporu-KAP.pdf | indirilemedi
ULUSE|2025|9 | https://www.ulusoyelektrik.com.tr/sites/other/ulusoyelektrik/uploads/contents/72/b354b19aa18b81f9fb0d2aa27fccab6b.pdf | CFO okunamadı: PDF_TUTMADI
ULUSE|2025|9 | https://www.ulusoyelektrik.com.tr/sites/other/ulusoyelektrik/uploads/contents/73/72b113acb1cc8efd0d5537f7efc107e2.pdf | CFO okunamadı: NAKIT_AKIS_YOK
ULUSE|2025|12 | https://www.ulusoyelektrik.com.tr/sites/other/ulusoyelektrik/uploads/contents/72/8f6b65c5f9b2ff969f4b367f9819576d.pdf | CFO okunamadı: PDF_TUTMADI
ULUSE|2025|12 | https://www.ulusoyelektrik.com.tr/sites/other/ulusoyelektrik/uploads/contents/73/c361e943fb75c6909f8343c9ebcc7a99.pdf | CFO okunamadı: NAKIT_AKIS_YOK
ULUSE|2026|3 | https://www.ulusoyelektrik.com.tr/sites/other/ulusoyelektrik/uploads/contents/72/dcd30b1d8bbc4802ec8422b7f98742d7.pdf | CFO okunamadı: PDF_TUTMADI
ULUSE|2026|3 | https://www.ulusoyelektrik.com.tr/sites/other/ulusoyelektrik/uploads/contents/73/a8ac7d42ae3c165b97ba6dbb9e6a7172.pdf | CFO okunamadı: NAKIT_AKIS_YOK
UNLU|2025|12 | https://www.unluco.com/media/p20fgqec/unlu-holding-31122025-tfrs-tr-final.pdf | CFO okunamadı: PDF_TUTMADI
UNLU|2025|12 | https://www.unluco.com/media/rmyhpug1/unlu-yatirim-holding-as-31122025-independent-auditors-report.pdf | CFO okunamadı: NAKIT_AKIS_YOK
UNLU|2025|12 | https://www.unluco.com/media/5x4p03ju/unlu-co-2025-annual-report.pdf | CFO okunamadı: NAKIT_AKIS_YOK
UNLU|2025|12 | https://www.unluco.com/media/qaopc0ku/unlu_fr25_eng_imzasiz_210726_spread_web.pdf | CFO okunamadı: NAKIT_AKIS_YOK
VANGD|2024|12 | https://www.vanet.com.tr/dokuman/mali-tablolar/2024-12-aylik-mali-tablolar.pdf | OKUNDU
VANGD|2025|9 | https://www.vanet.com.tr/dokuman/mali-tablolar/2025-9-aylik-mali-tablolar.pdf | CFO okunamadı: PDF_TUTMADI
VANGD|2025|9 | https://www.vanet.com.tr/dokuman/faaliyet-raporlari/2025-9-aylik-faaliyet-raporu.pdf | CFO okunamadı: NAKIT_AKIS_YOK
