ADEL sayfa 27 pdf 235
AEFES sayfa 70 pdf 1436
AGHOL sayfa 2 pdf 0
ALCAR sayfa 2 pdf 0
ALKIM sayfa 60 pdf 201
ARSAN sayfa 7 pdf 59
ARTMS sayfa 2 pdf 0
ASTOR sayfa 9 pdf 76
ASUZU sayfa 2 pdf 0
ATATP sayfa 50 pdf 244
AVTUR sayfa 5 pdf 245
AYCES sayfa 9 pdf 93
BAKAB sayfa 9 pdf 214
BALSU sayfa 6 pdf 35
BANVT sayfa 7 pdf 75
BESLR sayfa 70 pdf 160
BOBET sayfa 22 pdf 94
BOSSA sayfa 4 pdf 1
BRKSN sayfa 2 pdf 0
BRLSM sayfa 70 pdf 252
BVSAN sayfa 2 pdf 0
BYDNR sayfa 13 pdf 89
CANTE sayfa 26 pdf 160
CELHA sayfa 9 pdf 158
CEMTS sayfa 70 pdf 280
CIMSA sayfa 19 pdf 328
CWENE sayfa 66 pdf 2
DENGE sayfa 2 pdf 1
DERHL sayfa 12 pdf 106
DGNMO sayfa 14 pdf 114
DOKTA sayfa 2 pdf 0
DYOBY sayfa 1 pdf 0
ECILC sayfa 2 pdf 0
ECOGR sayfa 8 pdf 14
EGEEN sayfa 15 pdf 62
EGPRO sayfa 27 pdf 266
EGSER sayfa 39 pdf 648
ELITE sayfa 4 pdf 110
EREGL sayfa 1 pdf 0
GENIL sayfa 2 pdf 0
GIPTA sayfa 19 pdf 50
GLYHO sayfa 22 pdf 315
GOKNR sayfa 13 pdf 34
GSDDE sayfa 2 pdf 16
GUBRF sayfa 2 pdf 0
GWIND sayfa 39 pdf 37
HEKTS sayfa 70 pdf 55
HKTM sayfa 7 pdf 1
HOROZ sayfa 2 pdf 0
IZENR sayfa 61 pdf 79
IZFAS sayfa 3 pdf 266
IZMDC sayfa 59 pdf 140
KARCL sayfa 3 pdf 3
KARTN sayfa 45 pdf 757
KATMR sayfa 70 pdf 546
KBORU sayfa 3 pdf 0
KCHOL sayfa 44 pdf 717
KRPLS sayfa 3 pdf 108
KTSKR sayfa 2 pdf 57
MAALT sayfa 2 pdf 531
MAKIM sayfa 13 pdf 118
MAKTK sayfa 70 pdf 222
MANAS sayfa 11 pdf 71
MARBL sayfa 9 pdf 203
MERCN sayfa 22 pdf 103
MERKO sayfa 2 pdf 129
MZHLD sayfa 2 pdf 0
NTHOL sayfa 16 pdf 229
OBAMS sayfa 6 pdf 39
OTTO sayfa 5 pdf 95
OYAKC sayfa 2 pdf 0
OZRDN sayfa 1 pdf 0
PETUN sayfa 13 pdf 134
PGSUS sayfa 2 pdf 0
PINSU sayfa 10 pdf 105
PKART sayfa 2 pdf 7
PKENT sayfa 21 pdf 254
PNSUT sayfa 13 pdf 134
POLHO sayfa 2 pdf 0
PRKAB sayfa 2 pdf 1
PSDTC sayfa 9 pdf 378
QUAGR sayfa 62 pdf 216
RTALB sayfa 3 pdf 54
SAHOL sayfa 2 pdf 0
SANFM sayfa 2 pdf 5
SAYAS sayfa 2 pdf 5
SDTTR sayfa 33 pdf 154
SILVR sayfa 2 pdf 0
SMART sayfa 2 pdf 118
SNICA sayfa 26 pdf 126
SNPAM sayfa 2 pdf 932
SONME sayfa 2 pdf 783
TAVHL sayfa 1 pdf 0
TBORG sayfa 5 pdf 912
TCKRC sayfa 11 pdf 35
TEHOL sayfa 40 pdf 161
TEZOL sayfa 7 pdf 61
TRALT sayfa 2 pdf 0
TRMET sayfa 2 pdf 0
ULUSE sayfa 23 pdf 190
UNLU sayfa 70 pdf 334
VAKKO sayfa 1 pdf 0
VANGD sayfa 10 pdf 168
YAYLA sayfa 11 pdf 184
ZOREN sayfa 2 pdf 0
